sendty
lhs send
close y
recvty
rhs recv
forward
rhs send
rhs close
lhs recv
lhs wait
wait y
