sendty
recvty
lhs send
let y
rhs recv
rhs send
rhs close
fwd
lhs recv
lhs wait
7
