sendty
lhs send
let y
recvty
rhs recv
rhs send
close
fwd 1
fwd 2
lhs recv
wait
7
