!
?
call
sendty
recvty
lhs send
let
rhs recv
fwd
2
