sendty
recvty
lhs send
rhs recv
?
rhs send 1
rhs send 2
rhs close
call 1
fwd 1
call 2
fwd 2
lhs recv 1
lhs recv 2
lhs wait
1
1
