sendty
lhs send
lhs !
let
recvty
rhs recv
?
rhs send
rhs !
call
fwd
rhs close
lhs recv
lhs wait
lhs ?
lhs call 1
lhs call 2
4
4
