lhs sendty
lhs send
id recvty
id recv
lhs close x
id send
id close
lhs recv
lhs wait id
lhs wait x
rhs sendty
rhs send
id recvty
id recv
id send
id close
rhs recv
rhs wait id
rhs close x
rhs wait x
