sendty
id recvty
send
id recv
id send
id close
recv
wait id
close x
wait x
