Command: Result: 5
Command: Result: 16
Command: Result: -22
Command: 