!
send
let 2
?
call 1
recv 1
let 1
42
17
call 2
recv 2
let 1
42
17
