!
U1
?
U3
#S
U2
C
S
U3
#Z
C
Z
U3
#S
U2
C
S
U3
#Z
C
Z
