!
#A
close
?
call 1
case of 1
wait 1
call 2
case of 2
wait 2
