send x
close x
recv x
send y
recv y
send z
close w
recv z
wait w
close z
wait z
close y
wait x
wait y
end
