send x lhs
close z
recv x rhs
send x rhs
forward
close x
recv x rhs
wait v
wait x
end
