close w
send x
wait w
close z
recv x
wait y
close x
wait x
end
