!
?
call 1
#A
case of 1
close 1
wait
call 2
#A
case of 2
close 2
wait
