unfold 1
unfold g
#next 1
case
send
close
recv 1
wait 1
unfold 2
unfold g
#next 2
case
send
close
recv 2
wait 2
unfold 3
unfold g
stop
case
close g
wait g
