send 1
close 1
recv 1
wait 1
use
affine
send 2
close 2
recv 2
fwd
wait 3
