use 1
affine 1
send 1
close 1
recv 1
wait 1
use 2
affine 2
send 2
close 2
recv 2
wait 2
use 3
affine 3
send 3
close 4
recv 3
wait 4
close 3
wait 3
