lhs send
lhs close x
id recv
id send
id close
lhs recv
lhs wait id
lhs wait x
rhs send
id recv
id send
id close
rhs recv
rhs wait id
rhs close x
rhs wait x
