send
id recv
close x
id send
id close
recv
wait id
wait x
