!a
?a
!b
?b
call 1
close a
wait 1
call 2
call a
close a
fwd
wait 2
