Hello, World!
ABC
A new line
A boolean: true
An integer: 42
false is false
42 is the answer
