close b
send y
forward
recv x
wait a
close x
wait y
end
