0
1
2
9
10
11
10000
99999
-1
-50
-452942
32598279
