send 1
close 1
affine
recv 1
wait 1
discard
close 4
wait 4
