affine 1
send 1
close 1
affine 2
use 1
recv 1
wait 1
send 2
close 2
discard
